// Jest Snapshot v1, https://goo.gl/fbAQLP

exports[`react-add-a11y-props add onKeyDown, tabindex and role to all elements with onClick 1`] = `
"<span>
  <span onClick={cb} onKeyDown={e => (e.keyCode === 13 || e.keyCode === 32) && cb(e)} role=\\"button\\" tabIndex=\\"0\\" />
  <div onClick={cb} onKeyDown={e => (e.keyCode === 13 || e.keyCode === 32) && cb(e)} role=\\"button\\" tabIndex=\\"0\\" />
  <article onClick={cb} onKeyDown={e => (e.keyCode === 13 || e.keyCode === 32) && cb(e)} role=\\"button\\" tabIndex=\\"0\\" />
  <a onClick={() => foo()} onKeyDown={e => (e.keyCode === 13 || e.keyCode === 32) && (() => foo())(e)} role=\\"button\\" tabIndex=\\"0\\" />
</span>;
"
`;

exports[`react-add-a11y-props it will not add keyDown and role to anchor with href 1`] = `
"<a href=\\"https://www.google.com\\" onClick={cb} tabIndex=\\"0\\" />;
"
`;

exports[`react-add-a11y-props it will not add keyDown if its already present 1`] = `
"<div onKeyDown={cb} onClick={cb} role=\\"button\\" tabIndex=\\"0\\" />;
"
`;

exports[`react-add-a11y-props it will not add role if its already present 1`] = `
"<div role=\\"foo\\" onClick={cb} onKeyDown={e => (e.keyCode === 13 || e.keyCode === 32) && cb(e)} tabIndex=\\"0\\" />;
"
`;

exports[`react-add-a11y-props it will not add tabIndex and keyDown for negative tabIndex 1`] = `
"<div tabIndex=\\"-1\\" onClick={cb} />;
"
`;

exports[`react-add-a11y-props it will not add tabIndex if its already present 1`] = `
"<div tabIndex=\\"1\\" onClick={cb} onKeyDown={e => (e.keyCode === 13 || e.keyCode === 32) && cb(e)} role=\\"button\\" />;
"
`;

exports[`react-add-a11y-props it will only add tabindex to inputs and will not add keyDown and role 1`] = `
"<span>
  <input type=\\"submit\\" onClick={cb} tabIndex=\\"0\\" />
  <button onClick={cb} tabIndex=\\"0\\" />
  <select onClick={() => foo()} tabIndex=\\"0\\" />
</span>;
"
`;
